--------------------------------------------------------------------------------
Release 14.7 Trace  (nt64)
Copyright (c) 1995-2013 Xilinx, Inc.  All rights reserved.

C:\Xilinx\14.7\ISE_DS\ISE\bin\nt64\unwrapped\trce.exe -intstyle ise -v 3 -s 3
-n 3 -fastpaths -xml Temporizador.twx Temporizador.ncd -o Temporizador.twr
Temporizador.pcf -ucf Temporizador.ucf

Design file:              Temporizador.ncd
Physical constraint file: Temporizador.pcf
Device,package,speed:     xc6slx16,csg324,C,-3 (PRODUCTION 1.23 2013-10-13)
Report level:             verbose report

Environment Variable      Effect 
--------------------      ------ 
NONE                      No environment variables were set
--------------------------------------------------------------------------------

INFO:Timing:3412 - To improve timing, see the Timing Closure User Guide (UG612).
INFO:Timing:2752 - To get complete path coverage, use the unconstrained paths 
   option. All paths that are not constrained will be reported in the 
   unconstrained paths section(s) of the report.
INFO:Timing:3339 - The clock-to-out numbers in this timing report are based on 
   a 50 Ohm transmission line loading model.  For the details of this model, 
   and for more information on accounting for different loading conditions, 
   please see the device datasheet.

================================================================================
Timing constraint: NET "CLK_50MHZ_BUFGP/IBUFG" PERIOD = 20 ns HIGH 40%;
For more information, see Period Analysis in the Timing Closure User Guide (UG612).

 1944 paths analyzed, 229 endpoints analyzed, 0 failing endpoints
 0 timing errors detected. (0 setup errors, 0 hold errors, 0 component switching limit errors)
 Minimum period is   4.923ns.
--------------------------------------------------------------------------------

Paths for end point vgap/text_unit/text_rgb_0 (SLICE_X11Y25.A5), 13 paths
--------------------------------------------------------------------------------
Slack (setup path):     15.077ns (requirement - (data path - clock path skew + uncertainty))
  Source:               vgap/font_unit/Mram_data (RAM)
  Destination:          vgap/text_unit/text_rgb_0 (FF)
  Requirement:          20.000ns
  Data Path Delay:      4.838ns (Levels of Logic = 3)
  Clock Path Skew:      -0.050ns (0.250 - 0.300)
  Source Clock:         CLK_50MHZ_BUFGP rising at 0.000ns
  Destination Clock:    CLK_50MHZ_BUFGP rising at 20.000ns
  Clock Uncertainty:    0.035ns

  Clock Uncertainty:          0.035ns  ((TSJ^2 + TIJ^2)^1/2 + DJ) / 2 + PE
    Total System Jitter (TSJ):  0.070ns
    Total Input Jitter (TIJ):   0.000ns
    Discrete Jitter (DJ):       0.000ns
    Phase Error (PE):           0.000ns

  Maximum Data Path at Slow Process Corner: vgap/font_unit/Mram_data to vgap/text_unit/text_rgb_0
    Location             Delay type         Delay(ns)  Physical Resource
                                                       Logical Resource(s)
    -------------------------------------------------  -------------------
    RAMB16_X0Y14.DOA2    Trcko_DOA             1.850   vgap/font_unit/Mram_data
                                                       vgap/font_unit/Mram_data
    SLICE_X10Y28.D3      net (fanout=1)        1.263   vgap/font_word<2>
    SLICE_X10Y28.CMUX    Topdc                 0.368   vgap/text_unit/text_rgb<2>
                                                       vgap/text_unit/Mmux_font_bit_4
                                                       vgap/text_unit/Mmux_font_bit_2_f7
    SLICE_X11Y25.B5      net (fanout=4)        0.589   vgap/text_unit/font_bit
    SLICE_X11Y25.B       Tilo                  0.259   vgap/text_unit/text_rgb<1>
                                                       vgap/text_unit/text_rgb_0_rstpot_G
    SLICE_X11Y25.A5      net (fanout=1)        0.187   N57
    SLICE_X11Y25.CLK     Tas                   0.322   vgap/text_unit/text_rgb<1>
                                                       vgap/text_unit/text_rgb_0_rstpot1
                                                       vgap/text_unit/text_rgb_0
    -------------------------------------------------  ---------------------------
    Total                                      4.838ns (2.799ns logic, 2.039ns route)
                                                       (57.9% logic, 42.1% route)

--------------------------------------------------------------------------------
Slack (setup path):     15.081ns (requirement - (data path - clock path skew + uncertainty))
  Source:               vgap/font_unit/Mram_data (RAM)
  Destination:          vgap/text_unit/text_rgb_0 (FF)
  Requirement:          20.000ns
  Data Path Delay:      4.834ns (Levels of Logic = 3)
  Clock Path Skew:      -0.050ns (0.250 - 0.300)
  Source Clock:         CLK_50MHZ_BUFGP rising at 0.000ns
  Destination Clock:    CLK_50MHZ_BUFGP rising at 20.000ns
  Clock Uncertainty:    0.035ns

  Clock Uncertainty:          0.035ns  ((TSJ^2 + TIJ^2)^1/2 + DJ) / 2 + PE
    Total System Jitter (TSJ):  0.070ns
    Total Input Jitter (TIJ):   0.000ns
    Discrete Jitter (DJ):       0.000ns
    Phase Error (PE):           0.000ns

  Maximum Data Path at Slow Process Corner: vgap/font_unit/Mram_data to vgap/text_unit/text_rgb_0
    Location             Delay type         Delay(ns)  Physical Resource
                                                       Logical Resource(s)
    -------------------------------------------------  -------------------
    RAMB16_X0Y14.DOA0    Trcko_DOA             1.850   vgap/font_unit/Mram_data
                                                       vgap/font_unit/Mram_data
    SLICE_X10Y28.D4      net (fanout=1)        1.259   vgap/font_word<0>
    SLICE_X10Y28.CMUX    Topdc                 0.368   vgap/text_unit/text_rgb<2>
                                                       vgap/text_unit/Mmux_font_bit_4
                                                       vgap/text_unit/Mmux_font_bit_2_f7
    SLICE_X11Y25.B5      net (fanout=4)        0.589   vgap/text_unit/font_bit
    SLICE_X11Y25.B       Tilo                  0.259   vgap/text_unit/text_rgb<1>
                                                       vgap/text_unit/text_rgb_0_rstpot_G
    SLICE_X11Y25.A5      net (fanout=1)        0.187   N57
    SLICE_X11Y25.CLK     Tas                   0.322   vgap/text_unit/text_rgb<1>
                                                       vgap/text_unit/text_rgb_0_rstpot1
                                                       vgap/text_unit/text_rgb_0
    -------------------------------------------------  ---------------------------
    Total                                      4.834ns (2.799ns logic, 2.035ns route)
                                                       (57.9% logic, 42.1% route)

--------------------------------------------------------------------------------
Slack (setup path):     15.174ns (requirement - (data path - clock path skew + uncertainty))
  Source:               vgap/font_unit/Mram_data (RAM)
  Destination:          vgap/text_unit/text_rgb_0 (FF)
  Requirement:          20.000ns
  Data Path Delay:      4.741ns (Levels of Logic = 3)
  Clock Path Skew:      -0.050ns (0.250 - 0.300)
  Source Clock:         CLK_50MHZ_BUFGP rising at 0.000ns
  Destination Clock:    CLK_50MHZ_BUFGP rising at 20.000ns
  Clock Uncertainty:    0.035ns

  Clock Uncertainty:          0.035ns  ((TSJ^2 + TIJ^2)^1/2 + DJ) / 2 + PE
    Total System Jitter (TSJ):  0.070ns
    Total Input Jitter (TIJ):   0.000ns
    Discrete Jitter (DJ):       0.000ns
    Phase Error (PE):           0.000ns

  Maximum Data Path at Slow Process Corner: vgap/font_unit/Mram_data to vgap/text_unit/text_rgb_0
    Location             Delay type         Delay(ns)  Physical Resource
                                                       Logical Resource(s)
    -------------------------------------------------  -------------------
    RAMB16_X0Y14.DOA3    Trcko_DOA             1.850   vgap/font_unit/Mram_data
                                                       vgap/font_unit/Mram_data
    SLICE_X10Y28.D2      net (fanout=1)        1.166   vgap/font_word<3>
    SLICE_X10Y28.CMUX    Topdc                 0.368   vgap/text_unit/text_rgb<2>
                                                       vgap/text_unit/Mmux_font_bit_4
                                                       vgap/text_unit/Mmux_font_bit_2_f7
    SLICE_X11Y25.B5      net (fanout=4)        0.589   vgap/text_unit/font_bit
    SLICE_X11Y25.B       Tilo                  0.259   vgap/text_unit/text_rgb<1>
                                                       vgap/text_unit/text_rgb_0_rstpot_G
    SLICE_X11Y25.A5      net (fanout=1)        0.187   N57
    SLICE_X11Y25.CLK     Tas                   0.322   vgap/text_unit/text_rgb<1>
                                                       vgap/text_unit/text_rgb_0_rstpot1
                                                       vgap/text_unit/text_rgb_0
    -------------------------------------------------  ---------------------------
    Total                                      4.741ns (2.799ns logic, 1.942ns route)
                                                       (59.0% logic, 41.0% route)

--------------------------------------------------------------------------------

Paths for end point vgap/text_unit/text_rgb_1 (SLICE_X11Y25.C6), 13 paths
--------------------------------------------------------------------------------
Slack (setup path):     15.102ns (requirement - (data path - clock path skew + uncertainty))
  Source:               vgap/font_unit/Mram_data (RAM)
  Destination:          vgap/text_unit/text_rgb_1 (FF)
  Requirement:          20.000ns
  Data Path Delay:      4.813ns (Levels of Logic = 3)
  Clock Path Skew:      -0.050ns (0.250 - 0.300)
  Source Clock:         CLK_50MHZ_BUFGP rising at 0.000ns
  Destination Clock:    CLK_50MHZ_BUFGP rising at 20.000ns
  Clock Uncertainty:    0.035ns

  Clock Uncertainty:          0.035ns  ((TSJ^2 + TIJ^2)^1/2 + DJ) / 2 + PE
    Total System Jitter (TSJ):  0.070ns
    Total Input Jitter (TIJ):   0.000ns
    Discrete Jitter (DJ):       0.000ns
    Phase Error (PE):           0.000ns

  Maximum Data Path at Slow Process Corner: vgap/font_unit/Mram_data to vgap/text_unit/text_rgb_1
    Location             Delay type         Delay(ns)  Physical Resource
                                                       Logical Resource(s)
    -------------------------------------------------  -------------------
    RAMB16_X0Y14.DOA2    Trcko_DOA             1.850   vgap/font_unit/Mram_data
                                                       vgap/font_unit/Mram_data
    SLICE_X10Y28.D3      net (fanout=1)        1.263   vgap/font_word<2>
    SLICE_X10Y28.CMUX    Topdc                 0.368   vgap/text_unit/text_rgb<2>
                                                       vgap/text_unit/Mmux_font_bit_4
                                                       vgap/text_unit/Mmux_font_bit_2_f7
    SLICE_X11Y25.D4      net (fanout=4)        0.633   vgap/text_unit/font_bit
    SLICE_X11Y25.D       Tilo                  0.259   vgap/text_unit/text_rgb<1>
                                                       vgap/text_unit/text_rgb_1_rstpot_G
    SLICE_X11Y25.C6      net (fanout=1)        0.118   N55
    SLICE_X11Y25.CLK     Tas                   0.322   vgap/text_unit/text_rgb<1>
                                                       vgap/text_unit/text_rgb_1_rstpot1
                                                       vgap/text_unit/text_rgb_1
    -------------------------------------------------  ---------------------------
    Total                                      4.813ns (2.799ns logic, 2.014ns route)
                                                       (58.2% logic, 41.8% route)

--------------------------------------------------------------------------------
Slack (setup path):     15.106ns (requirement - (data path - clock path skew + uncertainty))
  Source:               vgap/font_unit/Mram_data (RAM)
  Destination:          vgap/text_unit/text_rgb_1 (FF)
  Requirement:          20.000ns
  Data Path Delay:      4.809ns (Levels of Logic = 3)
  Clock Path Skew:      -0.050ns (0.250 - 0.300)
  Source Clock:         CLK_50MHZ_BUFGP rising at 0.000ns
  Destination Clock:    CLK_50MHZ_BUFGP rising at 20.000ns
  Clock Uncertainty:    0.035ns

  Clock Uncertainty:          0.035ns  ((TSJ^2 + TIJ^2)^1/2 + DJ) / 2 + PE
    Total System Jitter (TSJ):  0.070ns
    Total Input Jitter (TIJ):   0.000ns
    Discrete Jitter (DJ):       0.000ns
    Phase Error (PE):           0.000ns

  Maximum Data Path at Slow Process Corner: vgap/font_unit/Mram_data to vgap/text_unit/text_rgb_1
    Location             Delay type         Delay(ns)  Physical Resource
                                                       Logical Resource(s)
    -------------------------------------------------  -------------------
    RAMB16_X0Y14.DOA0    Trcko_DOA             1.850   vgap/font_unit/Mram_data
                                                       vgap/font_unit/Mram_data
    SLICE_X10Y28.D4      net (fanout=1)        1.259   vgap/font_word<0>
    SLICE_X10Y28.CMUX    Topdc                 0.368   vgap/text_unit/text_rgb<2>
                                                       vgap/text_unit/Mmux_font_bit_4
                                                       vgap/text_unit/Mmux_font_bit_2_f7
    SLICE_X11Y25.D4      net (fanout=4)        0.633   vgap/text_unit/font_bit
    SLICE_X11Y25.D       Tilo                  0.259   vgap/text_unit/text_rgb<1>
                                                       vgap/text_unit/text_rgb_1_rstpot_G
    SLICE_X11Y25.C6      net (fanout=1)        0.118   N55
    SLICE_X11Y25.CLK     Tas                   0.322   vgap/text_unit/text_rgb<1>
                                                       vgap/text_unit/text_rgb_1_rstpot1
                                                       vgap/text_unit/text_rgb_1
    -------------------------------------------------  ---------------------------
    Total                                      4.809ns (2.799ns logic, 2.010ns route)
                                                       (58.2% logic, 41.8% route)

--------------------------------------------------------------------------------
Slack (setup path):     15.199ns (requirement - (data path - clock path skew + uncertainty))
  Source:               vgap/font_unit/Mram_data (RAM)
  Destination:          vgap/text_unit/text_rgb_1 (FF)
  Requirement:          20.000ns
  Data Path Delay:      4.716ns (Levels of Logic = 3)
  Clock Path Skew:      -0.050ns (0.250 - 0.300)
  Source Clock:         CLK_50MHZ_BUFGP rising at 0.000ns
  Destination Clock:    CLK_50MHZ_BUFGP rising at 20.000ns
  Clock Uncertainty:    0.035ns

  Clock Uncertainty:          0.035ns  ((TSJ^2 + TIJ^2)^1/2 + DJ) / 2 + PE
    Total System Jitter (TSJ):  0.070ns
    Total Input Jitter (TIJ):   0.000ns
    Discrete Jitter (DJ):       0.000ns
    Phase Error (PE):           0.000ns

  Maximum Data Path at Slow Process Corner: vgap/font_unit/Mram_data to vgap/text_unit/text_rgb_1
    Location             Delay type         Delay(ns)  Physical Resource
                                                       Logical Resource(s)
    -------------------------------------------------  -------------------
    RAMB16_X0Y14.DOA3    Trcko_DOA             1.850   vgap/font_unit/Mram_data
                                                       vgap/font_unit/Mram_data
    SLICE_X10Y28.D2      net (fanout=1)        1.166   vgap/font_word<3>
    SLICE_X10Y28.CMUX    Topdc                 0.368   vgap/text_unit/text_rgb<2>
                                                       vgap/text_unit/Mmux_font_bit_4
                                                       vgap/text_unit/Mmux_font_bit_2_f7
    SLICE_X11Y25.D4      net (fanout=4)        0.633   vgap/text_unit/font_bit
    SLICE_X11Y25.D       Tilo                  0.259   vgap/text_unit/text_rgb<1>
                                                       vgap/text_unit/text_rgb_1_rstpot_G
    SLICE_X11Y25.C6      net (fanout=1)        0.118   N55
    SLICE_X11Y25.CLK     Tas                   0.322   vgap/text_unit/text_rgb<1>
                                                       vgap/text_unit/text_rgb_1_rstpot1
                                                       vgap/text_unit/text_rgb_1
    -------------------------------------------------  ---------------------------
    Total                                      4.716ns (2.799ns logic, 1.917ns route)
                                                       (59.4% logic, 40.6% route)

--------------------------------------------------------------------------------

Paths for end point vgap/text_unit/text_rgb_2 (SLICE_X10Y28.A5), 8 paths
--------------------------------------------------------------------------------
Slack (setup path):     15.331ns (requirement - (data path - clock path skew + uncertainty))
  Source:               vgap/font_unit/Mram_data (RAM)
  Destination:          vgap/text_unit/text_rgb_2 (FF)
  Requirement:          20.000ns
  Data Path Delay:      4.590ns (Levels of Logic = 2)
  Clock Path Skew:      -0.044ns (0.256 - 0.300)
  Source Clock:         CLK_50MHZ_BUFGP rising at 0.000ns
  Destination Clock:    CLK_50MHZ_BUFGP rising at 20.000ns
  Clock Uncertainty:    0.035ns

  Clock Uncertainty:          0.035ns  ((TSJ^2 + TIJ^2)^1/2 + DJ) / 2 + PE
    Total System Jitter (TSJ):  0.070ns
    Total Input Jitter (TIJ):   0.000ns
    Discrete Jitter (DJ):       0.000ns
    Phase Error (PE):           0.000ns

  Maximum Data Path at Slow Process Corner: vgap/font_unit/Mram_data to vgap/text_unit/text_rgb_2
    Location             Delay type         Delay(ns)  Physical Resource
                                                       Logical Resource(s)
    -------------------------------------------------  -------------------
    RAMB16_X0Y14.DOA2    Trcko_DOA             1.850   vgap/font_unit/Mram_data
                                                       vgap/font_unit/Mram_data
    SLICE_X10Y28.D3      net (fanout=1)        1.263   vgap/font_word<2>
    SLICE_X10Y28.CMUX    Topdc                 0.368   vgap/text_unit/text_rgb<2>
                                                       vgap/text_unit/Mmux_font_bit_4
                                                       vgap/text_unit/Mmux_font_bit_2_f7
    SLICE_X10Y28.A5      net (fanout=4)        0.820   vgap/text_unit/font_bit
    SLICE_X10Y28.CLK     Tas                   0.289   vgap/text_unit/text_rgb<2>
                                                       vgap/text_unit/text_rgb_2_rstpot
                                                       vgap/text_unit/text_rgb_2
    -------------------------------------------------  ---------------------------
    Total                                      4.590ns (2.507ns logic, 2.083ns route)
                                                       (54.6% logic, 45.4% route)

--------------------------------------------------------------------------------
Slack (setup path):     15.335ns (requirement - (data path - clock path skew + uncertainty))
  Source:               vgap/font_unit/Mram_data (RAM)
  Destination:          vgap/text_unit/text_rgb_2 (FF)
  Requirement:          20.000ns
  Data Path Delay:      4.586ns (Levels of Logic = 2)
  Clock Path Skew:      -0.044ns (0.256 - 0.300)
  Source Clock:         CLK_50MHZ_BUFGP rising at 0.000ns
  Destination Clock:    CLK_50MHZ_BUFGP rising at 20.000ns
  Clock Uncertainty:    0.035ns

  Clock Uncertainty:          0.035ns  ((TSJ^2 + TIJ^2)^1/2 + DJ) / 2 + PE
    Total System Jitter (TSJ):  0.070ns
    Total Input Jitter (TIJ):   0.000ns
    Discrete Jitter (DJ):       0.000ns
    Phase Error (PE):           0.000ns

  Maximum Data Path at Slow Process Corner: vgap/font_unit/Mram_data to vgap/text_unit/text_rgb_2
    Location             Delay type         Delay(ns)  Physical Resource
                                                       Logical Resource(s)
    -------------------------------------------------  -------------------
    RAMB16_X0Y14.DOA0    Trcko_DOA             1.850   vgap/font_unit/Mram_data
                                                       vgap/font_unit/Mram_data
    SLICE_X10Y28.D4      net (fanout=1)        1.259   vgap/font_word<0>
    SLICE_X10Y28.CMUX    Topdc                 0.368   vgap/text_unit/text_rgb<2>
                                                       vgap/text_unit/Mmux_font_bit_4
                                                       vgap/text_unit/Mmux_font_bit_2_f7
    SLICE_X10Y28.A5      net (fanout=4)        0.820   vgap/text_unit/font_bit
    SLICE_X10Y28.CLK     Tas                   0.289   vgap/text_unit/text_rgb<2>
                                                       vgap/text_unit/text_rgb_2_rstpot
                                                       vgap/text_unit/text_rgb_2
    -------------------------------------------------  ---------------------------
    Total                                      4.586ns (2.507ns logic, 2.079ns route)
                                                       (54.7% logic, 45.3% route)

--------------------------------------------------------------------------------
Slack (setup path):     15.428ns (requirement - (data path - clock path skew + uncertainty))
  Source:               vgap/font_unit/Mram_data (RAM)
  Destination:          vgap/text_unit/text_rgb_2 (FF)
  Requirement:          20.000ns
  Data Path Delay:      4.493ns (Levels of Logic = 2)
  Clock Path Skew:      -0.044ns (0.256 - 0.300)
  Source Clock:         CLK_50MHZ_BUFGP rising at 0.000ns
  Destination Clock:    CLK_50MHZ_BUFGP rising at 20.000ns
  Clock Uncertainty:    0.035ns

  Clock Uncertainty:          0.035ns  ((TSJ^2 + TIJ^2)^1/2 + DJ) / 2 + PE
    Total System Jitter (TSJ):  0.070ns
    Total Input Jitter (TIJ):   0.000ns
    Discrete Jitter (DJ):       0.000ns
    Phase Error (PE):           0.000ns

  Maximum Data Path at Slow Process Corner: vgap/font_unit/Mram_data to vgap/text_unit/text_rgb_2
    Location             Delay type         Delay(ns)  Physical Resource
                                                       Logical Resource(s)
    -------------------------------------------------  -------------------
    RAMB16_X0Y14.DOA3    Trcko_DOA             1.850   vgap/font_unit/Mram_data
                                                       vgap/font_unit/Mram_data
    SLICE_X10Y28.D2      net (fanout=1)        1.166   vgap/font_word<3>
    SLICE_X10Y28.CMUX    Topdc                 0.368   vgap/text_unit/text_rgb<2>
                                                       vgap/text_unit/Mmux_font_bit_4
                                                       vgap/text_unit/Mmux_font_bit_2_f7
    SLICE_X10Y28.A5      net (fanout=4)        0.820   vgap/text_unit/font_bit
    SLICE_X10Y28.CLK     Tas                   0.289   vgap/text_unit/text_rgb<2>
                                                       vgap/text_unit/text_rgb_2_rstpot
                                                       vgap/text_unit/text_rgb_2
    -------------------------------------------------  ---------------------------
    Total                                      4.493ns (2.507ns logic, 1.986ns route)
                                                       (55.8% logic, 44.2% route)

--------------------------------------------------------------------------------

Hold Paths: NET "CLK_50MHZ_BUFGP/IBUFG" PERIOD = 20 ns HIGH 40%;
--------------------------------------------------------------------------------

Paths for end point dbounce/debouncer3/state_reg_FSM_FFd3 (SLICE_X12Y51.B5), 1 path
--------------------------------------------------------------------------------
Slack (hold path):      0.397ns (requirement - (clock path skew + uncertainty - data path))
  Source:               dbounce/debouncer3/state_reg_FSM_FFd2 (FF)
  Destination:          dbounce/debouncer3/state_reg_FSM_FFd3 (FF)
  Requirement:          0.000ns
  Data Path Delay:      0.397ns (Levels of Logic = 1)
  Clock Path Skew:      0.000ns
  Source Clock:         CLK_50MHZ_BUFGP rising at 20.000ns
  Destination Clock:    CLK_50MHZ_BUFGP rising at 20.000ns
  Clock Uncertainty:    0.000ns

  Minimum Data Path at Fast Process Corner: dbounce/debouncer3/state_reg_FSM_FFd2 to dbounce/debouncer3/state_reg_FSM_FFd3
    Location             Delay type         Delay(ns)  Physical Resource
                                                       Logical Resource(s)
    -------------------------------------------------  -------------------
    SLICE_X12Y51.BQ      Tcko                  0.200   dbounce/debouncer3/state_reg_FSM_FFd2
                                                       dbounce/debouncer3/state_reg_FSM_FFd2
    SLICE_X12Y51.B5      net (fanout=2)        0.076   dbounce/debouncer3/state_reg_FSM_FFd2
    SLICE_X12Y51.CLK     Tah         (-Th)    -0.121   dbounce/debouncer3/state_reg_FSM_FFd2
                                                       dbounce/debouncer3/state_reg_FSM_FFd3-In1
                                                       dbounce/debouncer3/state_reg_FSM_FFd3
    -------------------------------------------------  ---------------------------
    Total                                      0.397ns (0.321ns logic, 0.076ns route)
                                                       (80.9% logic, 19.1% route)

--------------------------------------------------------------------------------

Paths for end point dbounce/debouncer4/state_reg_FSM_FFd3 (SLICE_X11Y45.C5), 1 path
--------------------------------------------------------------------------------
Slack (hold path):      0.409ns (requirement - (clock path skew + uncertainty - data path))
  Source:               dbounce/debouncer4/state_reg_FSM_FFd2 (FF)
  Destination:          dbounce/debouncer4/state_reg_FSM_FFd3 (FF)
  Requirement:          0.000ns
  Data Path Delay:      0.409ns (Levels of Logic = 1)
  Clock Path Skew:      0.000ns
  Source Clock:         CLK_50MHZ_BUFGP rising at 20.000ns
  Destination Clock:    CLK_50MHZ_BUFGP rising at 20.000ns
  Clock Uncertainty:    0.000ns

  Minimum Data Path at Fast Process Corner: dbounce/debouncer4/state_reg_FSM_FFd2 to dbounce/debouncer4/state_reg_FSM_FFd3
    Location             Delay type         Delay(ns)  Physical Resource
                                                       Logical Resource(s)
    -------------------------------------------------  -------------------
    SLICE_X11Y45.CQ      Tcko                  0.198   dbounce/debouncer4/state_reg_FSM_FFd2
                                                       dbounce/debouncer4/state_reg_FSM_FFd2
    SLICE_X11Y45.C5      net (fanout=2)        0.056   dbounce/debouncer4/state_reg_FSM_FFd2
    SLICE_X11Y45.CLK     Tah         (-Th)    -0.155   dbounce/debouncer4/state_reg_FSM_FFd2
                                                       dbounce/debouncer4/state_reg_FSM_FFd3-In1
                                                       dbounce/debouncer4/state_reg_FSM_FFd3
    -------------------------------------------------  ---------------------------
    Total                                      0.409ns (0.353ns logic, 0.056ns route)
                                                       (86.3% logic, 13.7% route)

--------------------------------------------------------------------------------

Paths for end point dbounce/debouncer3/state_reg_FSM_FFd1 (SLICE_X12Y51.A6), 1 path
--------------------------------------------------------------------------------
Slack (hold path):      0.421ns (requirement - (clock path skew + uncertainty - data path))
  Source:               dbounce/debouncer3/state_reg_FSM_FFd1 (FF)
  Destination:          dbounce/debouncer3/state_reg_FSM_FFd1 (FF)
  Requirement:          0.000ns
  Data Path Delay:      0.421ns (Levels of Logic = 1)
  Clock Path Skew:      0.000ns
  Source Clock:         CLK_50MHZ_BUFGP rising at 20.000ns
  Destination Clock:    CLK_50MHZ_BUFGP rising at 20.000ns
  Clock Uncertainty:    0.000ns

  Minimum Data Path at Fast Process Corner: dbounce/debouncer3/state_reg_FSM_FFd1 to dbounce/debouncer3/state_reg_FSM_FFd1
    Location             Delay type         Delay(ns)  Physical Resource
                                                       Logical Resource(s)
    -------------------------------------------------  -------------------
    SLICE_X12Y51.AQ      Tcko                  0.200   dbounce/debouncer3/state_reg_FSM_FFd2
                                                       dbounce/debouncer3/state_reg_FSM_FFd1
    SLICE_X12Y51.A6      net (fanout=5)        0.031   dbounce/debouncer3/state_reg_FSM_FFd1
    SLICE_X12Y51.CLK     Tah         (-Th)    -0.190   dbounce/debouncer3/state_reg_FSM_FFd2
                                                       dbounce/debouncer3/state_reg_FSM_FFd1-In1
                                                       dbounce/debouncer3/state_reg_FSM_FFd1
    -------------------------------------------------  ---------------------------
    Total                                      0.421ns (0.390ns logic, 0.031ns route)
                                                       (92.6% logic, 7.4% route)

--------------------------------------------------------------------------------

Component Switching Limit Checks: NET "CLK_50MHZ_BUFGP/IBUFG" PERIOD = 20 ns HIGH 40%;
--------------------------------------------------------------------------------
Slack: 16.876ns (period - min period limit)
  Period: 20.000ns
  Min period limit: 3.124ns (320.102MHz) (Trper_CLKA(Fmax))
  Physical resource: vgap/font_unit/Mram_data/CLKA
  Logical resource: vgap/font_unit/Mram_data/CLKA
  Location pin: RAMB16_X0Y14.CLKA
  Clock network: CLK_50MHZ_BUFGP
--------------------------------------------------------------------------------
Slack: 18.270ns (period - min period limit)
  Period: 20.000ns
  Min period limit: 1.730ns (578.035MHz) (Tbcper_I)
  Physical resource: CLK_50MHZ_BUFGP/BUFG/I0
  Logical resource: CLK_50MHZ_BUFGP/BUFG/I0
  Location pin: BUFGMUX_X3Y13.I0
  Clock network: CLK_50MHZ_BUFGP/IBUFG
--------------------------------------------------------------------------------
Slack: 19.570ns (period - min period limit)
  Period: 20.000ns
  Min period limit: 0.430ns (2325.581MHz) (Tcp)
  Physical resource: clk/CLK
  Logical resource: clk/CK
  Location pin: SLICE_X12Y38.CLK
  Clock network: CLK_50MHZ_BUFGP
--------------------------------------------------------------------------------


All constraints were met.


Data Sheet report:
-----------------
All values displayed in nanoseconds (ns)

Clock to Setup on destination clock CLK_50MHZ
---------------+---------+---------+---------+---------+
               | Src:Rise| Src:Fall| Src:Rise| Src:Fall|
Source Clock   |Dest:Rise|Dest:Rise|Dest:Fall|Dest:Fall|
---------------+---------+---------+---------+---------+
CLK_50MHZ      |    4.923|         |         |         |
---------------+---------+---------+---------+---------+


Timing summary:
---------------

Timing errors: 0  Score: 0  (Setup/Max: 0, Hold: 0)

Constraints cover 1944 paths, 0 nets, and 256 connections

Design statistics:
   Minimum period:   4.923ns{1}   (Maximum frequency: 203.128MHz)


------------------------------------Footnotes-----------------------------------
1)  The minimum period statistic assumes all single cycle delays.

Analysis completed Tue Sep 13 11:31:14 2016 
--------------------------------------------------------------------------------

Trace Settings:
-------------------------
Trace Settings 

Peak Memory Usage: 244 MB



