Release 14.7 - xst P.20131013 (nt64)
Copyright (c) 1995-2013 Xilinx, Inc.  All rights reserved.
--> Parameter TMPDIR set to xst/projnav.tmp


Total REAL time to Xst completion: 0.00 secs
Total CPU time to Xst completion: 0.43 secs
 
--> Parameter xsthdpdir set to xst


Total REAL time to Xst completion: 0.00 secs
Total CPU time to Xst completion: 0.43 secs
 
--> Reading design: pong_top.prj

TABLE OF CONTENTS
  1) Synthesis Options Summary
  2) HDL Parsing
  3) HDL Elaboration
  4) HDL Synthesis
       4.1) HDL Synthesis Report
  5) Advanced HDL Synthesis
       5.1) Advanced HDL Synthesis Report
  6) Low Level Synthesis
  7) Partition Report
  8) Design Summary
       8.1) Primitive and Black Box Usage
       8.2) Device utilization summary
       8.3) Partition Resource Summary
       8.4) Timing Report
            8.4.1) Clock Information
            8.4.2) Asynchronous Control Signals Information
            8.4.3) Timing Summary
            8.4.4) Timing Details
            8.4.5) Cross Clock Domains Report


=========================================================================
*                      Synthesis Options Summary                        *
=========================================================================
---- Source Parameters
Input File Name                    : "pong_top.prj"
Ignore Synthesis Constraint File   : NO

---- Target Parameters
Output File Name                   : "pong_top"
Output Format                      : NGC
Target Device                      : xc6slx16-3-csg324

---- Source Options
Top Module Name                    : pong_top
Automatic FSM Extraction           : YES
FSM Encoding Algorithm             : Auto
Safe Implementation                : No
FSM Style                          : LUT
RAM Extraction                     : Yes
RAM Style                          : Auto
ROM Extraction                     : Yes
Shift Register Extraction          : YES
ROM Style                          : Auto
Resource Sharing                   : YES
Asynchronous To Synchronous        : NO
Shift Register Minimum Size        : 2
Use DSP Block                      : Auto
Automatic Register Balancing       : No

---- Target Options
LUT Combining                      : Auto
Reduce Control Sets                : Auto
Add IO Buffers                     : YES
Global Maximum Fanout              : 100000
Add Generic Clock Buffer(BUFG)     : 16
Register Duplication               : YES
Optimize Instantiated Primitives   : NO
Use Clock Enable                   : Auto
Use Synchronous Set                : Auto
Use Synchronous Reset              : Auto
Pack IO Registers into IOBs        : Auto
Equivalent register Removal        : YES

---- General Options
Optimization Goal                  : Speed
Optimization Effort                : 1
Power Reduction                    : NO
Keep Hierarchy                     : No
Netlist Hierarchy                  : As_Optimized
RTL Output                         : Yes
Global Optimization                : AllClockNets
Read Cores                         : YES
Write Timing Constraints           : NO
Cross Clock Analysis               : NO
Hierarchy Separator                : /
Bus Delimiter                      : <>
Case Specifier                     : Maintain
Slice Utilization Ratio            : 100
BRAM Utilization Ratio             : 100
DSP48 Utilization Ratio            : 100
Auto BRAM Packing                  : NO
Slice Utilization Ratio Delta      : 5

=========================================================================


=========================================================================
*                          HDL Parsing                                  *
=========================================================================
Analyzing Verilog file "C:\Users\Giovanni\Documents\GitHub\Proyecto1Taller\pongTest\list_ch14_01_font_rom.v" into library work
Parsing module <font_rom>.
Analyzing Verilog file "C:\Users\Giovanni\Documents\GitHub\Proyecto1Taller\pongTest\list_ch14_06_pong_text.v" into library work
Parsing module <pong_text>.
Analyzing Verilog file "C:\Users\Giovanni\Documents\GitHub\Proyecto1Taller\pongTest\list_ch13_01_vga_sync.v" into library work
Parsing module <vga_sync>.
Analyzing Verilog file "C:\Users\Giovanni\Documents\GitHub\Proyecto1Taller\pongTest\FourBitCounter.v" into library work
Parsing module <FourBitCounter>.
Analyzing Verilog file "C:\Users\Giovanni\Documents\GitHub\Proyecto1Taller\Contador7Segmentos\FrecuencyDivider.v" into library work
Parsing module <FrecuencyDivider>.
Analyzing Verilog file "C:\Users\Giovanni\Documents\GitHub\Proyecto1Taller\pongTest\list_ch14_10_pong_top.v" into library work
Parsing module <pong_top>.

=========================================================================
*                            HDL Elaboration                            *
=========================================================================

Elaborating module <pong_top>.
WARNING:HDLCompiler:872 - "C:\Users\Giovanni\Documents\GitHub\Proyecto1Taller\pongTest\list_ch14_10_pong_top.v" Line 22: Using initial value of ball_reg since it is never assigned
WARNING:HDLCompiler:872 - "C:\Users\Giovanni\Documents\GitHub\Proyecto1Taller\pongTest\list_ch14_10_pong_top.v" Line 41: Using initial value of enable since it is never assigned
WARNING:HDLCompiler:872 - "C:\Users\Giovanni\Documents\GitHub\Proyecto1Taller\pongTest\list_ch14_10_pong_top.v" Line 42: Using initial value of forward since it is never assigned

Elaborating module <vga_sync>.
WARNING:HDLCompiler:413 - "C:\Users\Giovanni\Documents\GitHub\Proyecto1Taller\pongTest\list_ch13_01_vga_sync.v" Line 68: Result of 11-bit expression is truncated to fit in 10-bit target.
WARNING:HDLCompiler:413 - "C:\Users\Giovanni\Documents\GitHub\Proyecto1Taller\pongTest\list_ch13_01_vga_sync.v" Line 78: Result of 11-bit expression is truncated to fit in 10-bit target.
WARNING:HDLCompiler:1127 - "C:\Users\Giovanni\Documents\GitHub\Proyecto1Taller\pongTest\list_ch14_10_pong_top.v" Line 30: Assignment to video_on ignored, since the identifier is never used

Elaborating module <pong_text>.

Elaborating module <font_rom>.
WARNING:HDLCompiler:1127 - "C:\Users\Giovanni\Documents\GitHub\Proyecto1Taller\pongTest\list_ch14_06_pong_text.v" Line 66: Assignment to row_addr_l ignored, since the identifier is never used
WARNING:HDLCompiler:1127 - "C:\Users\Giovanni\Documents\GitHub\Proyecto1Taller\pongTest\list_ch14_06_pong_text.v" Line 67: Assignment to bit_addr_l ignored, since the identifier is never used
WARNING:HDLCompiler:1127 - "C:\Users\Giovanni\Documents\GitHub\Proyecto1Taller\pongTest\list_ch14_06_pong_text.v" Line 68: Assignment to char_addr_l ignored, since the identifier is never used
WARNING:HDLCompiler:1127 - "C:\Users\Giovanni\Documents\GitHub\Proyecto1Taller\pongTest\list_ch14_06_pong_text.v" Line 85: Assignment to row_addr_r ignored, since the identifier is never used
WARNING:HDLCompiler:1127 - "C:\Users\Giovanni\Documents\GitHub\Proyecto1Taller\pongTest\list_ch14_06_pong_text.v" Line 86: Assignment to bit_addr_r ignored, since the identifier is never used
WARNING:HDLCompiler:634 - "C:\Users\Giovanni\Documents\GitHub\Proyecto1Taller\pongTest\list_ch14_06_pong_text.v" Line 16: Net <char_addr_o[6]> does not have a driver.
WARNING:HDLCompiler:634 - "C:\Users\Giovanni\Documents\GitHub\Proyecto1Taller\pongTest\list_ch14_06_pong_text.v" Line 22: Net <logo_on> does not have a driver.
WARNING:HDLCompiler:1127 - "C:\Users\Giovanni\Documents\GitHub\Proyecto1Taller\pongTest\list_ch14_10_pong_top.v" Line 37: Assignment to text_on ignored, since the identifier is never used

Elaborating module <FrecuencyDivider>.
WARNING:HDLCompiler:413 - "C:\Users\Giovanni\Documents\GitHub\Proyecto1Taller\Contador7Segmentos\FrecuencyDivider.v" Line 46: Result of 28-bit expression is truncated to fit in 27-bit target.
WARNING:HDLCompiler:413 - "C:\Users\Giovanni\Documents\GitHub\Proyecto1Taller\Contador7Segmentos\FrecuencyDivider.v" Line 51: Result of 28-bit expression is truncated to fit in 27-bit target.

Elaborating module <FourBitCounter>.
WARNING:HDLCompiler:413 - "C:\Users\Giovanni\Documents\GitHub\Proyecto1Taller\pongTest\FourBitCounter.v" Line 61: Result of 5-bit expression is truncated to fit in 4-bit target.
WARNING:HDLCompiler:413 - "C:\Users\Giovanni\Documents\GitHub\Proyecto1Taller\pongTest\FourBitCounter.v" Line 62: Result of 32-bit expression is truncated to fit in 4-bit target.
WARNING:HDLCompiler:1127 - "C:\Users\Giovanni\Documents\GitHub\Proyecto1Taller\pongTest\list_ch14_10_pong_top.v" Line 54: Assignment to finish ignored, since the identifier is never used
WARNING:HDLCompiler:634 - "C:\Users\Giovanni\Documents\GitHub\Proyecto1Taller\pongTest\list_ch14_10_pong_top.v" Line 21: Net <dig0[3]> does not have a driver.

=========================================================================
*                           HDL Synthesis                               *
=========================================================================

Synthesizing Unit <pong_top>.
    Related source file is "C:\Users\Giovanni\Documents\GitHub\Proyecto1Taller\pongTest\list_ch14_10_pong_top.v".
INFO:Xst:3210 - "C:\Users\Giovanni\Documents\GitHub\Proyecto1Taller\pongTest\list_ch14_10_pong_top.v" line 28: Output port <video_on> of the instance <vsync_unit> is unconnected or connected to loadless signal.
INFO:Xst:3210 - "C:\Users\Giovanni\Documents\GitHub\Proyecto1Taller\pongTest\list_ch14_10_pong_top.v" line 28: Output port <p_tick> of the instance <vsync_unit> is unconnected or connected to loadless signal.
INFO:Xst:3210 - "C:\Users\Giovanni\Documents\GitHub\Proyecto1Taller\pongTest\list_ch14_10_pong_top.v" line 33: Output port <text_on> of the instance <text_unit> is unconnected or connected to loadless signal.
INFO:Xst:3210 - "C:\Users\Giovanni\Documents\GitHub\Proyecto1Taller\pongTest\list_ch14_10_pong_top.v" line 43: Output port <counter> of the instance <frecuency_divider> is unconnected or connected to loadless signal.
INFO:Xst:3210 - "C:\Users\Giovanni\Documents\GitHub\Proyecto1Taller\pongTest\list_ch14_10_pong_top.v" line 48: Output port <finish> of the instance <counter> is unconnected or connected to loadless signal.
WARNING:Xst:653 - Signal <dig0> is used but never assigned. This sourceless signal will be automatically connected to value GND.
WARNING:Xst:653 - Signal <dig1> is used but never assigned. This sourceless signal will be automatically connected to value GND.
    Found 1-bit register for signal <clk>.
    Summary:
	inferred   1 D-type flip-flop(s).
Unit <pong_top> synthesized.

Synthesizing Unit <vga_sync>.
    Related source file is "C:\Users\Giovanni\Documents\GitHub\Proyecto1Taller\pongTest\list_ch13_01_vga_sync.v".
    Found 10-bit register for signal <v_count_reg>.
    Found 10-bit register for signal <h_count_reg>.
    Found 1-bit register for signal <v_sync_reg>.
    Found 1-bit register for signal <h_sync_reg>.
    Found 1-bit register for signal <mod2_reg>.
    Found 10-bit adder for signal <h_count_reg[9]_GND_2_o_add_4_OUT> created at line 68.
    Found 10-bit adder for signal <v_count_reg[9]_GND_2_o_add_7_OUT> created at line 78.
    Found 10-bit comparator lessequal for signal <n0015> created at line 84
    Found 10-bit comparator lessequal for signal <n0017> created at line 85
    Found 10-bit comparator lessequal for signal <n0020> created at line 87
    Found 10-bit comparator lessequal for signal <n0022> created at line 88
    Found 10-bit comparator greater for signal <h_count_reg[9]_PWR_2_o_LessThan_15_o> created at line 91
    Found 10-bit comparator greater for signal <v_count_reg[9]_GND_2_o_LessThan_16_o> created at line 91
    Summary:
	inferred   2 Adder/Subtractor(s).
	inferred  23 D-type flip-flop(s).
	inferred   6 Comparator(s).
	inferred   2 Multiplexer(s).
Unit <vga_sync> synthesized.

Synthesizing Unit <pong_text>.
    Related source file is "C:\Users\Giovanni\Documents\GitHub\Proyecto1Taller\pongTest\list_ch14_06_pong_text.v".
WARNING:Xst:647 - Input <ball> is never used. This port will be preserved and left unconnected if it belongs to a top-level block or it belongs to a sub-block and the hierarchy of this sub-block is preserved.
WARNING:Xst:647 - Input <dig0> is never used. This port will be preserved and left unconnected if it belongs to a top-level block or it belongs to a sub-block and the hierarchy of this sub-block is preserved.
WARNING:Xst:647 - Input <dig1> is never used. This port will be preserved and left unconnected if it belongs to a top-level block or it belongs to a sub-block and the hierarchy of this sub-block is preserved.
WARNING:Xst:647 - Input <pix_x<0:0>> is never used. This port will be preserved and left unconnected if it belongs to a top-level block or it belongs to a sub-block and the hierarchy of this sub-block is preserved.
WARNING:Xst:647 - Input <pix_y<0:0>> is never used. This port will be preserved and left unconnected if it belongs to a top-level block or it belongs to a sub-block and the hierarchy of this sub-block is preserved.
WARNING:Xst:653 - Signal <char_addr_o> is used but never assigned. This sourceless signal will be automatically connected to value GND.
WARNING:Xst:653 - Signal <logo_on> is used but never assigned. This sourceless signal will be automatically connected to value GND.
    Found 1-bit 8-to-1 multiplexer for signal <font_bit> created at line 225.
    Found 6-bit comparator greater for signal <pix_x[9]_GND_3_o_LessThan_2_o> created at line 35
    Found 6-bit comparator greater for signal <GND_3_o_pix_x[9]_LessThan_3_o> created at line 35
    Found 5-bit comparator lessequal for signal <n0012> created at line 165
    Found 5-bit comparator lessequal for signal <n0015> created at line 165
    Summary:
	inferred   4 Comparator(s).
	inferred   8 Multiplexer(s).
Unit <pong_text> synthesized.

Synthesizing Unit <font_rom>.
    Related source file is "C:\Users\Giovanni\Documents\GitHub\Proyecto1Taller\pongTest\list_ch14_01_font_rom.v".
    Found 11-bit register for signal <addr_reg>.
    Found 2048x8-bit Read Only RAM for signal <data>
    Summary:
	inferred   1 RAM(s).
	inferred  11 D-type flip-flop(s).
Unit <font_rom> synthesized.

Synthesizing Unit <FrecuencyDivider>.
    Related source file is "C:\Users\Giovanni\Documents\GitHub\Proyecto1Taller\Contador7Segmentos\FrecuencyDivider.v".
    Found 1-bit register for signal <clk_1Hz>.
    Found 27-bit register for signal <counter>.
    Found 27-bit adder for signal <counter[26]_GND_5_o_add_4_OUT> created at line 51.
    Found 27-bit comparator greater for signal <PWR_5_o_counter[26]_LessThan_2_o> created at line 38
    Found 27-bit comparator lessequal for signal <counter[26]_GND_5_o_LessThan_3_o> created at line 43
    Summary:
	inferred   1 Adder/Subtractor(s).
	inferred  28 D-type flip-flop(s).
	inferred   2 Comparator(s).
Unit <FrecuencyDivider> synthesized.

Synthesizing Unit <FourBitCounter>.
    Related source file is "C:\Users\Giovanni\Documents\GitHub\Proyecto1Taller\pongTest\FourBitCounter.v".
    Found 1-bit register for signal <finish>.
    Found 4-bit register for signal <out>.
    Found 4-bit adder for signal <out[3]_GND_6_o_mux_6_OUT> created at line 61.
    Summary:
	inferred   1 Adder/Subtractor(s).
	inferred   5 D-type flip-flop(s).
Unit <FourBitCounter> synthesized.

=========================================================================
HDL Synthesis Report

Macro Statistics
# RAMs                                                 : 1
 2048x8-bit single-port Read Only RAM                  : 1
# Adders/Subtractors                                   : 4
 10-bit adder                                          : 2
 27-bit adder                                          : 1
 4-bit adder                                           : 1
# Registers                                            : 11
 1-bit register                                        : 6
 10-bit register                                       : 2
 11-bit register                                       : 1
 27-bit register                                       : 1
 4-bit register                                        : 1
# Comparators                                          : 12
 10-bit comparator greater                             : 2
 10-bit comparator lessequal                           : 4
 27-bit comparator greater                             : 1
 27-bit comparator lessequal                           : 1
 5-bit comparator lessequal                            : 2
 6-bit comparator greater                              : 2
# Multiplexers                                         : 10
 1-bit 8-to-1 multiplexer                              : 1
 10-bit 2-to-1 multiplexer                             : 2
 11-bit 2-to-1 multiplexer                             : 1
 3-bit 2-to-1 multiplexer                              : 1
 7-bit 2-to-1 multiplexer                              : 5

=========================================================================

=========================================================================
*                       Advanced HDL Synthesis                          *
=========================================================================


Synthesizing (advanced) Unit <FourBitCounter>.
The following registers are absorbed into counter <out>: 1 register on signal <out>.
Unit <FourBitCounter> synthesized (advanced).

Synthesizing (advanced) Unit <FrecuencyDivider>.
The following registers are absorbed into counter <counter>: 1 register on signal <counter>.
Unit <FrecuencyDivider> synthesized (advanced).

Synthesizing (advanced) Unit <font_rom>.
INFO:Xst:3226 - The RAM <Mram_data> will be implemented as a BLOCK RAM, absorbing the following register(s): <addr_reg>
    -----------------------------------------------------------------------
    | ram_type           | Block                               |          |
    -----------------------------------------------------------------------
    | Port A                                                              |
    |     aspect ratio   | 2048-word x 8-bit                   |          |
    |     mode           | write-first                         |          |
    |     clkA           | connected to signal <clk>           | rise     |
    |     weA            | connected to signal <GND>           | high     |
    |     addrA          | connected to signal <addr>          |          |
    |     diA            | connected to signal <GND>           |          |
    |     doA            | connected to signal <data>          |          |
    -----------------------------------------------------------------------
    | optimization       | speed                               |          |
    -----------------------------------------------------------------------
Unit <font_rom> synthesized (advanced).

Synthesizing (advanced) Unit <vga_sync>.
The following registers are absorbed into counter <v_count_reg>: 1 register on signal <v_count_reg>.
The following registers are absorbed into counter <h_count_reg>: 1 register on signal <h_count_reg>.
Unit <vga_sync> synthesized (advanced).

=========================================================================
Advanced HDL Synthesis Report

Macro Statistics
# RAMs                                                 : 1
 2048x8-bit single-port block Read Only RAM            : 1
# Counters                                             : 4
 10-bit up counter                                     : 2
 27-bit up counter                                     : 1
 4-bit up counter                                      : 1
# Registers                                            : 6
 Flip-Flops                                            : 6
# Comparators                                          : 12
 10-bit comparator greater                             : 2
 10-bit comparator lessequal                           : 4
 27-bit comparator greater                             : 1
 27-bit comparator lessequal                           : 1
 5-bit comparator lessequal                            : 2
 6-bit comparator greater                              : 2
# Multiplexers                                         : 8
 1-bit 8-to-1 multiplexer                              : 1
 11-bit 2-to-1 multiplexer                             : 1
 3-bit 2-to-1 multiplexer                              : 1
 7-bit 2-to-1 multiplexer                              : 5

=========================================================================

=========================================================================
*                         Low Level Synthesis                           *
=========================================================================
WARNING:Xst:2677 - Node <counter/finish> of sequential type is unconnected in block <pong_top>.

Optimizing unit <pong_top> ...

Optimizing unit <vga_sync> ...

Optimizing unit <pong_text> ...

Mapping all equations...
Building and optimizing final netlist ...
Found area constraint ratio of 100 (+ 5) on block pong_top, actual ratio is 1.

Final Macro Processing ...

=========================================================================
Final Register Report

Macro Statistics
# Registers                                            : 56
 Flip-Flops                                            : 56

=========================================================================

=========================================================================
*                           Partition Report                            *
=========================================================================

Partition Implementation Status
-------------------------------

  No Partitions were found in this design.

-------------------------------

=========================================================================
*                            Design Summary                             *
=========================================================================

Top Level Output File Name         : pong_top.ngc

Primitive and Black Box Usage:
------------------------------
# BELS                             : 228
#      GND                         : 1
#      INV                         : 4
#      LUT1                        : 31
#      LUT2                        : 30
#      LUT3                        : 9
#      LUT4                        : 7
#      LUT5                        : 17
#      LUT6                        : 29
#      MUXCY                       : 51
#      MUXF7                       : 1
#      VCC                         : 1
#      XORCY                       : 47
# FlipFlops/Latches                : 56
#      FD                          : 23
#      FDC                         : 3
#      FDCE                        : 20
#      FDR                         : 10
# RAMS                             : 1
#      RAMB16BWER                  : 1
# Clock Buffers                    : 2
#      BUFG                        : 1
#      BUFGP                       : 1
# IO Buffers                       : 6
#      IBUF                        : 1
#      OBUF                        : 5

Device utilization summary:
---------------------------

Selected Device : 6slx16csg324-3 


Slice Logic Utilization: 
 Number of Slice Registers:              56  out of  18224     0%  
 Number of Slice LUTs:                  127  out of   9112     1%  
    Number used as Logic:               127  out of   9112     1%  

Slice Logic Distribution: 
 Number of LUT Flip Flop pairs used:    128
   Number with an unused Flip Flop:      72  out of    128    56%  
   Number with an unused LUT:             1  out of    128     0%  
   Number of fully used LUT-FF pairs:    55  out of    128    42%  
   Number of unique control sets:         8

IO Utilization: 
 Number of IOs:                           7
 Number of bonded IOBs:                   7  out of    232     3%  

Specific Feature Utilization:
 Number of Block RAM/FIFO:                1  out of     32     3%  
    Number using Block RAM only:          1
 Number of BUFG/BUFGCTRLs:                2  out of     16    12%  

---------------------------
Partition Resource Summary:
---------------------------

  No Partitions were found in this design.

---------------------------


=========================================================================
Timing Report

NOTE: THESE TIMING NUMBERS ARE ONLY A SYNTHESIS ESTIMATE.
      FOR ACCURATE TIMING INFORMATION PLEASE REFER TO THE TRACE REPORT
      GENERATED AFTER PLACE-and-ROUTE.

Clock Information:
------------------
-----------------------------------+------------------------+-------+
Clock Signal                       | Clock buffer(FF name)  | Load  |
-----------------------------------+------------------------+-------+
CLK_50MHZ                          | BUFGP                  | 29    |
frecuency_divider/clk_1Hz          | NONE(counter/out_0)    | 4     |
clk                                | BUFG                   | 24    |
-----------------------------------+------------------------+-------+
INFO:Xst:2169 - HDL ADVISOR - Some clock signals were not automatically buffered by XST with BUFG/BUFR resources. Please use the buffer_type constraint in order to insert these buffers to the clock signals to help prevent skew problems.

Asynchronous Control Signals Information:
----------------------------------------
No asynchronous control signals found in this design

Timing Summary:
---------------
Speed Grade: -3

   Minimum period: 4.411ns (Maximum Frequency: 226.711MHz)
   Minimum input arrival time before clock: 3.713ns
   Maximum output required time after clock: 9.390ns
   Maximum combinational path delay: No path found

Timing Details:
---------------
All values displayed in nanoseconds (ns)

=========================================================================
Timing constraint: Default period analysis for Clock 'CLK_50MHZ'
  Clock period: 3.508ns (frequency: 285.087MHz)
  Total number of paths / destination ports: 1771 / 34
-------------------------------------------------------------------------
Delay:               3.508ns (Levels of Logic = 7)
  Source:            frecuency_divider/counter_8 (FF)
  Destination:       frecuency_divider/clk_1Hz (FF)
  Source Clock:      CLK_50MHZ rising
  Destination Clock: CLK_50MHZ rising

  Data Path: frecuency_divider/counter_8 to frecuency_divider/clk_1Hz
                                Gate     Net
    Cell:in->out      fanout   Delay   Delay  Logical Name (Net Name)
    ----------------------------------------  ------------
     FD:C->Q               4   0.447   1.028  frecuency_divider/counter_8 (frecuency_divider/counter_8)
     LUT5:I0->O            1   0.203   0.000  frecuency_divider/Mcompar_PWR_5_o_counter[26]_LessThan_2_o_lut<1> (frecuency_divider/Mcompar_PWR_5_o_counter[26]_LessThan_2_o_lut<1>)
     MUXCY:S->O            1   0.172   0.000  frecuency_divider/Mcompar_PWR_5_o_counter[26]_LessThan_2_o_cy<1> (frecuency_divider/Mcompar_PWR_5_o_counter[26]_LessThan_2_o_cy<1>)
     MUXCY:CI->O           1   0.019   0.000  frecuency_divider/Mcompar_PWR_5_o_counter[26]_LessThan_2_o_cy<2> (frecuency_divider/Mcompar_PWR_5_o_counter[26]_LessThan_2_o_cy<2>)
     MUXCY:CI->O           1   0.019   0.000  frecuency_divider/Mcompar_PWR_5_o_counter[26]_LessThan_2_o_cy<3> (frecuency_divider/Mcompar_PWR_5_o_counter[26]_LessThan_2_o_cy<3>)
     MUXCY:CI->O           1   0.019   0.000  frecuency_divider/Mcompar_PWR_5_o_counter[26]_LessThan_2_o_cy<4> (frecuency_divider/Mcompar_PWR_5_o_counter[26]_LessThan_2_o_cy<4>)
     MUXCY:CI->O          24   0.019   1.277  frecuency_divider/Mcompar_PWR_5_o_counter[26]_LessThan_2_o_cy<5> (frecuency_divider/Mcompar_PWR_5_o_counter[26]_LessThan_2_o_cy<5>)
     LUT2:I0->O            1   0.203   0.000  frecuency_divider/counter_0_rstpot (frecuency_divider/counter_0_rstpot)
     FD:D                      0.102          frecuency_divider/counter_0
    ----------------------------------------
    Total                      3.508ns (1.203ns logic, 2.305ns route)
                                       (34.3% logic, 65.7% route)

=========================================================================
Timing constraint: Default period analysis for Clock 'frecuency_divider/clk_1Hz'
  Clock period: 2.758ns (frequency: 362.608MHz)
  Total number of paths / destination ports: 26 / 8
-------------------------------------------------------------------------
Delay:               2.758ns (Levels of Logic = 1)
  Source:            counter/out_3 (FF)
  Destination:       counter/out_0 (FF)
  Source Clock:      frecuency_divider/clk_1Hz rising
  Destination Clock: frecuency_divider/clk_1Hz rising

  Data Path: counter/out_3 to counter/out_0
                                Gate     Net
    Cell:in->out      fanout   Delay   Delay  Logical Name (Net Name)
    ----------------------------------------  ------------
     FDR:C->Q              3   0.447   0.995  counter/out_3 (counter/out_3)
     LUT5:I0->O            4   0.203   0.683  counter/Mcount_out_val11 (counter/Mcount_out_val)
     FDR:R                     0.430          counter/out_0
    ----------------------------------------
    Total                      2.758ns (1.080ns logic, 1.678ns route)
                                       (39.2% logic, 60.8% route)

=========================================================================
Timing constraint: Default period analysis for Clock 'clk'
  Clock period: 4.411ns (frequency: 226.711MHz)
  Total number of paths / destination ports: 1334 / 53
-------------------------------------------------------------------------
Delay:               4.411ns (Levels of Logic = 6)
  Source:            vsync_unit/v_count_reg_9 (FF)
  Destination:       vsync_unit/v_count_reg_2 (FF)
  Source Clock:      clk rising
  Destination Clock: clk rising

  Data Path: vsync_unit/v_count_reg_9 to vsync_unit/v_count_reg_2
                                Gate     Net
    Cell:in->out      fanout   Delay   Delay  Logical Name (Net Name)
    ----------------------------------------  ------------
     FDCE:C->Q             3   0.447   1.015  vsync_unit/v_count_reg_9 (vsync_unit/v_count_reg_9)
     LUT6:I0->O           10   0.203   0.857  vsync_unit/v_end21 (vsync_unit/v_end_bdd2)
     LUT5:I4->O            1   0.205   0.579  vsync_unit/v_end_inv11 (vsync_unit/v_end_inv)
     MUXCY:CI->O           1   0.019   0.000  vsync_unit/Mcount_v_count_reg_cy<0> (vsync_unit/Mcount_v_count_reg_cy<0>)
     MUXCY:CI->O           1   0.019   0.000  vsync_unit/Mcount_v_count_reg_cy<1> (vsync_unit/Mcount_v_count_reg_cy<1>)
     XORCY:CI->O           1   0.180   0.580  vsync_unit/Mcount_v_count_reg_xor<2> (vsync_unit/Mcount_v_count_reg2)
     LUT3:I2->O            1   0.205   0.000  vsync_unit/v_count_reg_2_dpot (vsync_unit/v_count_reg_2_dpot)
     FDCE:D                    0.102          vsync_unit/v_count_reg_2
    ----------------------------------------
    Total                      4.411ns (1.380ns logic, 3.031ns route)
                                       (31.3% logic, 68.7% route)

=========================================================================
Timing constraint: Default OFFSET IN BEFORE for Clock 'frecuency_divider/clk_1Hz'
  Total number of paths / destination ports: 4 / 4
-------------------------------------------------------------------------
Offset:              3.713ns (Levels of Logic = 2)
  Source:            reset (PAD)
  Destination:       counter/out_0 (FF)
  Destination Clock: frecuency_divider/clk_1Hz rising

  Data Path: reset to counter/out_0
                                Gate     Net
    Cell:in->out      fanout   Delay   Delay  Logical Name (Net Name)
    ----------------------------------------  ------------
     IBUF:I->O            24   1.222   1.173  reset_IBUF (reset_IBUF)
     LUT5:I4->O            4   0.205   0.683  counter/Mcount_out_val11 (counter/Mcount_out_val)
     FDR:R                     0.430          counter/out_0
    ----------------------------------------
    Total                      3.713ns (1.857ns logic, 1.856ns route)
                                       (50.0% logic, 50.0% route)

=========================================================================
Timing constraint: Default OFFSET IN BEFORE for Clock 'clk'
  Total number of paths / destination ports: 23 / 23
-------------------------------------------------------------------------
Offset:              2.824ns (Levels of Logic = 1)
  Source:            reset (PAD)
  Destination:       vsync_unit/h_count_reg_9 (FF)
  Destination Clock: clk rising

  Data Path: reset to vsync_unit/h_count_reg_9
                                Gate     Net
    Cell:in->out      fanout   Delay   Delay  Logical Name (Net Name)
    ----------------------------------------  ------------
     IBUF:I->O            24   1.222   1.172  reset_IBUF (reset_IBUF)
     FDC:CLR                   0.430          vsync_unit/mod2_reg
    ----------------------------------------
    Total                      2.824ns (1.652ns logic, 1.172ns route)
                                       (58.5% logic, 41.5% route)

=========================================================================
Timing constraint: Default OFFSET OUT AFTER for Clock 'clk'
  Total number of paths / destination ports: 221 / 5
-------------------------------------------------------------------------
Offset:              9.390ns (Levels of Logic = 7)
  Source:            vsync_unit/v_count_reg_7 (FF)
  Destination:       rgb<2> (PAD)
  Source Clock:      clk rising

  Data Path: vsync_unit/v_count_reg_7 to rgb<2>
                                Gate     Net
    Cell:in->out      fanout   Delay   Delay  Logical Name (Net Name)
    ----------------------------------------  ------------
     FDCE:C->Q             3   0.447   1.015  vsync_unit/v_count_reg_7 (vsync_unit/v_count_reg_7)
     LUT6:I0->O           10   0.203   1.104  text_unit/score_on_SW0 (N2)
     LUT6:I2->O            3   0.203   0.879  text_unit/score_on (text_unit/score_on)
     LUT3:I0->O            2   0.205   0.981  text_unit/bit_addr[2]_inv_96_OUT<1>1 (text_unit/bit_addr[2]_inv_96_OUT<1>)
     LUT6:I0->O            1   0.203   0.000  text_unit/Mmux_font_bit_3 (text_unit/Mmux_font_bit_3)
     MUXF7:I1->O           2   0.140   0.616  text_unit/Mmux_font_bit_2_f7 (rgb_0_OBUF)
     INV:I->O              2   0.206   0.616  text_unit/_n00971_INV_0 (rgb_1_OBUF)
     OBUF:I->O                 2.571          rgb_2_OBUF (rgb<2>)
    ----------------------------------------
    Total                      9.390ns (4.178ns logic, 5.212ns route)
                                       (44.5% logic, 55.5% route)

=========================================================================

Cross Clock Domains Report:
--------------------------

Clock to Setup on destination clock CLK_50MHZ
---------------+---------+---------+---------+---------+
               | Src:Rise| Src:Fall| Src:Rise| Src:Fall|
Source Clock   |Dest:Rise|Dest:Rise|Dest:Fall|Dest:Fall|
---------------+---------+---------+---------+---------+
CLK_50MHZ      |    3.508|         |         |         |
---------------+---------+---------+---------+---------+

Clock to Setup on destination clock clk
-------------------------+---------+---------+---------+---------+
                         | Src:Rise| Src:Fall| Src:Rise| Src:Fall|
Source Clock             |Dest:Rise|Dest:Rise|Dest:Fall|Dest:Fall|
-------------------------+---------+---------+---------+---------+
clk                      |    4.411|         |         |         |
frecuency_divider/clk_1Hz|    3.411|         |         |         |
-------------------------+---------+---------+---------+---------+

Clock to Setup on destination clock frecuency_divider/clk_1Hz
-------------------------+---------+---------+---------+---------+
                         | Src:Rise| Src:Fall| Src:Rise| Src:Fall|
Source Clock             |Dest:Rise|Dest:Rise|Dest:Fall|Dest:Fall|
-------------------------+---------+---------+---------+---------+
frecuency_divider/clk_1Hz|    2.758|         |         |         |
-------------------------+---------+---------+---------+---------+

=========================================================================


Total REAL time to Xst completion: 8.00 secs
Total CPU time to Xst completion: 8.59 secs
 
--> 

Total memory usage is 293980 kilobytes

Number of errors   :    0 (   0 filtered)
Number of warnings :   30 (   0 filtered)
Number of infos    :    7 (   0 filtered)

